#-----------------------------------------------------------
# Vivado v2024.2 (64-bit)
# SW Build 5239630 on Fri Nov 08 22:34:34 MST 2024
# IP Build 5239520 on Sun Nov 10 16:12:51 MST 2024
# SharedData Build 5239561 on Fri Nov 08 14:39:27 MST 2024
# Start of session at: Mon Dec 23 15:33:00 2024
# Process ID         : 394572
# Current directory  : /home/lukas/fpga_vivado/projects/Divider/execution
# Command line       : vivado -mode tcl
# Log file           : /home/lukas/fpga_vivado/projects/Divider/execution/vivado.log
# Journal file       : /home/lukas/fpga_vivado/projects/Divider/execution/vivado.jou
# Running On         : LukasDell
# Platform           : Ubuntu
# Operating System   : Ubuntu 24.04.1 LTS
# Processor Detail   : AMD Ryzen 5 5625U with Radeon Graphics
# CPU Frequency      : 3484.116 MHz
# CPU Physical cores : 6
# CPU Logical cores  : 12
# Host memory        : 24508 MB
# Swap memory        : 8589 MB
# Total Virtual      : 33098 MB
# Available Virtual  : 25097 MB
#-----------------------------------------------------------
open_project /home/lukas/fpga_vivado/projects/Divider/Divider.xpr
set_property top Divider_tb [current_fileset -simset]
launch_simulation
launch_simulation
launch_simulation
launch_simulation
launch_simulation
launch_simulation
launch_simulation
start gui
start_gui
launch_simulation
launch_simulation
export_ip_user_files -of_objects  [get_files /home/lukas/fpga_vivado/projects/Divider/MyHDL/sim/divider_tb.v] -no_script -reset -force -quiet
remove_files  /home/lukas/fpga_vivado/projects/Divider/MyHDL/sim/divider_tb.v
launch_simulation
launch_simulation
