#-----------------------------------------------------------
# Vivado v2024.2 (64-bit)
# SW Build 5239630 on Fri Nov 08 22:34:34 MST 2024
# IP Build 5239520 on Sun Nov 10 16:12:51 MST 2024
# SharedData Build 5239561 on Fri Nov 08 14:39:27 MST 2024
# Start of session at: Mon Mar 24 19:35:27 2025
# Process ID         : 2480163
# Current directory  : /home/lukas/fpga_vivado/projects/spi_smol/spi_smol.runs/impl_1
# Command line       : vivado -log SPI_slave.vdi -applog -product Vivado -messageDb vivado.pb -mode batch -source SPI_slave.tcl -notrace
# Log file           : /home/lukas/fpga_vivado/projects/spi_smol/spi_smol.runs/impl_1/SPI_slave.vdi
# Journal file       : /home/lukas/fpga_vivado/projects/spi_smol/spi_smol.runs/impl_1/vivado.jou
# Running On         : LukasDell
# Platform           : Ubuntu
# Operating System   : Ubuntu 24.04.2 LTS
# Processor Detail   : AMD Ryzen 5 5625U with Radeon Graphics
# CPU Frequency      : 3759.535 MHz
# CPU Physical cores : 6
# CPU Logical cores  : 12
# Host memory        : 24508 MB
# Swap memory        : 8589 MB
# Total Virtual      : 33098 MB
# Available Virtual  : 21680 MB
#-----------------------------------------------------------
source SPI_slave.tcl -notrace
